{
    "Run ngs2counts with one extra argument.": {
        "content": [
            {
                "0": [
                    [
                        "counts_1.csv:md5,305dbf66419f0246823a18b4b70908df",
                        "counts_2.csv:md5,78cdcd2cb0165c4071ba77b119c177aa",
                        "counts_3.csv:md5,1037b935dc9fbcfae7bce5bc49173be7",
                        "counts_4.csv:md5,783aabf5051bb56ac2215228d460e81a",
                        "counts_5.csv:md5,d8be07c612b67130ce19b67f58afc96c",
                        "counts_6.csv:md5,3f786e46299294232164324ce4d34bfa",
                        "counts_7.csv:md5,99adc182c7019e582dbc80e8f66fc851",
                        "counts_8.csv:md5,f046ab42cc68c12ab52ebc4d1d5e8a79"
                    ]
                ],
                "1": [
                    "run_metadata.json:md5,2acab7c2479e57917311a5c59e40bed5"
                ],
                "2": [
                    "ngs2counts_version.txt:md5,37e0acdc1d90343621be1848b1abd413"
                ],
                "3": [
                    "ngs2counts_log.txt:md5,1d196bce0e907ec6623d151e7f4ec349"
                ]
            }
        ],
        "timestamp": "2026-07-07T13:13:17.88309751",
        "meta": {
            "nf-test": "0.9.4",
            "nextflow": "26.04.4"
        }
    },
    "Run ngs2counts without library-mapping.": {
        "content": [
            {
                "0": [
                    [
                        "counts_1.csv:md5,691c51e5d561fd50ab537086f9001b2c",
                        "counts_10.csv:md5,c967854407ddf7ddac779e373652f969",
                        "counts_11.csv:md5,afc16b3b5ac28fffe2f4d9c8e545ad18",
                        "counts_12.csv:md5,1c244417a7ddd6e07883fb8bbf3e3099",
                        "counts_13.csv:md5,f3e5df46d53a2151d9113b34160b4c4a",
                        "counts_14.csv:md5,17f50b21536b48bed3a18efa4370e733",
                        "counts_15.csv:md5,87eceb264f6d5902acfe4ff5bb1b6385",
                        "counts_16.csv:md5,be252a01e96b976f0627ade0621c4f59",
                        "counts_2.csv:md5,0be32a6f051de612413c692e9778cb81",
                        "counts_3.csv:md5,43036fd44bd3e4840f33b54188a9c627",
                        "counts_4.csv:md5,54a04dcec28bb044f57282ce0fe4993d",
                        "counts_5.csv:md5,2f61352d7542937e179e992d9912a6e1",
                        "counts_6.csv:md5,47309788d9033bd6e47a177a7861ccca",
                        "counts_7.csv:md5,95acf54e11efe347b854c7425b9bdb14",
                        "counts_8.csv:md5,9a08e5c459e6ce95df684906205af516",
                        "counts_9.csv:md5,fd20fbbe2ee0730b485200357acac28c"
                    ]
                ],
                "1": [
                    "run_metadata.json:md5,2acab7c2479e57917311a5c59e40bed5"
                ],
                "2": [
                    "ngs2counts_version.txt:md5,37e0acdc1d90343621be1848b1abd413"
                ],
                "3": [
                    "ngs2counts_log.txt:md5,9a115ebc25a0a303b3ffee1a7437146d"
                ]
            }
        ],
        "timestamp": "2026-07-07T13:13:14.476017511",
        "meta": {
            "nf-test": "0.9.4",
            "nextflow": "26.04.4"
        }
    },
    "Run ngs2counts with two extra arguments.": {
        "content": [
            {
                "0": [
                    [
                        "counts_1.csv:md5,305dbf66419f0246823a18b4b70908df",
                        "counts_2.csv:md5,78cdcd2cb0165c4071ba77b119c177aa",
                        "counts_3.csv:md5,1037b935dc9fbcfae7bce5bc49173be7",
                        "counts_4.csv:md5,783aabf5051bb56ac2215228d460e81a",
                        "counts_5.csv:md5,d8be07c612b67130ce19b67f58afc96c",
                        "counts_6.csv:md5,3f786e46299294232164324ce4d34bfa",
                        "counts_7.csv:md5,99adc182c7019e582dbc80e8f66fc851",
                        "counts_8.csv:md5,f046ab42cc68c12ab52ebc4d1d5e8a79"
                    ]
                ],
                "1": [
                    "run_metadata.json:md5,2acab7c2479e57917311a5c59e40bed5"
                ],
                "2": [
                    "ngs2counts_version.txt:md5,37e0acdc1d90343621be1848b1abd413"
                ],
                "3": [
                    "ngs2counts_log.txt:md5,c74e6edd082deebab3fa9e61a65eb942"
                ]
            }
        ],
        "timestamp": "2026-07-07T13:13:21.023779925",
        "meta": {
            "nf-test": "0.9.4",
            "nextflow": "26.04.4"
        }
    }
}